Running Core Compiler Tests...
❌ 1 compiler tests failed.
